<html>
<body>
<pre>
<h1>µVision Build Log</h1>
<h2>Project:</h2>
D:\svn\stm32\stm32_middle\sw\prj\MDK-ARM\STM32F103R8T6_64\stm32_core.uvproj
Project File Date:  06/15/2011

<h2>Output:</h2>
Build target 'stm32_core'
compiling hw_config.c...
compiling main.c...
compiling stm32f10x_it.c...
compiling usb_desc.c...
compiling usb_istr.c...
compiling usb_prop.c...
compiling usb_pwr.c...
compiling timer.c...
compiling usart.c...
..\..\..\src\usart.c(327): warning:  #550-D: variable "data_len" was set but never used
..\..\..\src\usart.c(42): warning:  #177-D: variable "s_usart1_tx_send_cnt" was declared but never referenced
..\..\..\src\usart.c(43): warning:  #550-D: variable "s_usart1_tx_q_free_cnt" was set but never used
..\..\..\src\usart.c(44): warning:  #550-D: variable "s_usart1_tx_q_send_cnt" was set but never used
compiling led.c...
compiling queue.c...
..\..\..\src\queue.c(90): warning:  #550-D: variable "node" was set but never used
compiling rtc.c...
compiling touch.c...
compiling diskio.c...
compiling ff.c...
compiling ili93xx.c...
compiling key.c...
compiling mmc_sd.c...
compiling nrf24l01.c...
compiling spi.c...
compiling ov7670.c...
..\..\..\src\ov7670.c(965): warning:  #550-D: variable "rt" was set but never used
compiling sccb.c...
compiling otgd_fs_cal.c...
compiling otgd_fs_dev.c...
compiling otgd_fs_int.c...
compiling otgd_fs_pcd.c...
compiling usb_core.c...
compiling usb_init.c...
compiling usb_int.c...
compiling usb_mem.c...
compiling usb_regs.c...
compiling usb_sil.c...
compiling misc.c...
compiling stm32f10x_adc.c...
compiling stm32f10x_bkp.c...
compiling stm32f10x_can.c...
compiling stm32f10x_crc.c...
compiling stm32f10x_dac.c...
compiling stm32f10x_dbgmcu.c...
compiling stm32f10x_dma.c...
compiling stm32f10x_exti.c...
compiling stm32f10x_flash.c...
compiling stm32f10x_fsmc.c...
compiling stm32f10x_gpio.c...
compiling stm32f10x_i2c.c...
compiling stm32f10x_iwdg.c...
compiling stm32f10x_pwr.c...
compiling stm32f10x_rcc.c...
compiling stm32f10x_rtc.c...
compiling stm32f10x_sdio.c...
compiling stm32f10x_spi.c...
compiling stm32f10x_tim.c...
compiling stm32f10x_usart.c...
compiling stm32f10x_wwdg.c...
assembling startup_stm32f10x_md.s...
compiling core_cm3.c...
compiling system_stm32f10x.c...
linking...
Program Size: Code=34676 RO-data=4804 RW-data=2372 ZI-data=8492  
FromELF: creating hex file...
".\stm32_core\stm32_core.axf" - 0 Error(s), 6 Warning(s).
